// Jest Snapshot v1, https://goo.gl/fbAQLP

exports[`Repository item should contains information 1`] = `
<DocumentFragment>
  <div
    class="css-1xgr2qs-repoList"
    data-testid="repository-list"
  >
    <div
      class="css-1vikx0g-repoItem"
      data-testid="repository-item"
    >
      <div
        class="css-mr42ks"
      >
        <div
          class="css-o7hb3"
        >
          <span
            class="css-mkpm6v"
          >
            repo 1
          </span>
          <span
            class="css-1180py9"
          >
            python
          </span>
        </div>
        <div
          class="css-1t511r-stats"
        >
          <div
            class="css-1jor1m6-starCount"
          >
            <span
              class="css-1u0c3ag"
            >
              Stars:
            </span>
             
            <span>
              100
            </span>
          </div>
          <div
            class="css-n6lfbi-forkCount"
          >
            <span
              class="css-cuwowd"
            >
              Forks: 
            </span>
            <span>
              10
            </span>
          </div>
        </div>
      </div>
      <div
        class="css-1yuj63e-description"
      >
        This is desc 1
      </div>
    </div>
    <div
      class="css-1vikx0g-repoItem"
      data-testid="repository-item"
    >
      <div
        class="css-mr42ks"
      >
        <div
          class="css-o7hb3"
        >
          <span
            class="css-mkpm6v"
          >
            repo 2
          </span>
          <span
            class="css-1180py9"
          >
            js
          </span>
        </div>
        <div
          class="css-1t511r-stats"
        >
          <div
            class="css-1jor1m6-starCount"
          >
            <span
              class="css-1u0c3ag"
            >
              Stars:
            </span>
             
            <span>
              50
            </span>
          </div>
          <div
            class="css-n6lfbi-forkCount"
          >
            <span
              class="css-cuwowd"
            >
              Forks: 
            </span>
            <span>
              5
            </span>
          </div>
        </div>
      </div>
      <div
        class="css-1yuj63e-description"
      >
        This is desc 2
      </div>
    </div>
  </div>
</DocumentFragment>
`;
